[ar.blippar.com/270134603.html]
[backblue.gif]
[fade.gif]
[index.html]
[webar-static.blippar.com/style.css]
[webar-static.blippar.com/styles/video-js.min.css]
[webar-static.blippar.com/scripts/aframe-modified.min.js]
[html.blippar.com/aframe-analytics/latest/index.min.js]
[webar-static.blippar.com/scripts/aframe_extras.min.js]
[code.jquery.com/jquery-latest.min.js]
[webar-static.blippar.com/scripts/chromakeymat.min.js]
[webar-static.blippar.com/scripts/gif-shader.min.js]
[webar-static.blippar.com/scripts/aframe-rounded.min.js]
[webar-static.blippar.com/scripts/textgeometry.min.js]
[webar-static.blippar.com/scripts/popmotion.min.js]
[webar-static.blippar.com/scripts/timeout.js]
[webar-static.blippar.com/favicon/favicon-16x16.png]
[webar-static.blippar.com/favicon/favicon-32x32.png]
[webar-static.blippar.com/favicon/favicon-48x48.png]
[webar-static.blippar.com/favicon/apple-touch-icon-57x57.png]
[webar-static.blippar.com/favicon/apple-touch-icon-60x60.png]
[webar-static.blippar.com/favicon/apple-touch-icon-72x72.png]
[webar-static.blippar.com/favicon/apple-touch-icon-76x76.png]
[webar-static.blippar.com/favicon/apple-touch-icon-114x114.png]
[webar-static.blippar.com/favicon/apple-touch-icon-120x120.png]
[webar-static.blippar.com/favicon/apple-touch-icon-144x144.png]
[webar-static.blippar.com/favicon/apple-touch-icon-152x152.png]
[webar-static.blippar.com/favicon/apple-touch-icon-167x167.png]
[webar-static.blippar.com/favicon/apple-touch-icon-180x180.png]
[webar-static.blippar.com/favicon/apple-touch-icon-1024x1024.png]
[webar-static.blippar.com/favicon/apple-touch-startup-image-640x1136.png]
[webar-static.blippar.com/favicon/apple-touch-startup-image-750x1334.png]
[webar-static.blippar.com/favicon/apple-touch-startup-image-828x1792.png]
[webar-static.blippar.com/favicon/apple-touch-startup-image-1125x2436.png]
[webar-static.blippar.com/favicon/apple-touch-startup-image-1242x2208.png]
[webar-static.blippar.com/favicon/apple-touch-startup-image-1242x2688.png]
[webar-static.blippar.com/favicon/apple-touch-startup-image-1536x2048.png]
[webar-static.blippar.com/favicon/apple-touch-startup-image-1668x2224.png]
[webar-static.blippar.com/favicon/apple-touch-startup-image-1668x2388.png]
[webar-static.blippar.com/favicon/apple-touch-startup-image-2048x2732.png]
[webar-static.blippar.com/favicon/apple-touch-startup-image-1620x2160.png]
[webar-static.blippar.com/favicon/apple-touch-startup-image-1136x640.png]
[webar-static.blippar.com/favicon/apple-touch-startup-image-1334x750.png]
[webar-static.blippar.com/favicon/apple-touch-startup-image-1792x828.png]
[webar-static.blippar.com/favicon/apple-touch-startup-image-2436x1125.png]
[webar-static.blippar.com/favicon/apple-touch-startup-image-2208x1242.png]
[webar-static.blippar.com/favicon/apple-touch-startup-image-2688x1242.png]
[webar-static.blippar.com/favicon/apple-touch-startup-image-2048x1536.png]
[webar-static.blippar.com/favicon/apple-touch-startup-image-2224x1668.png]
[webar-static.blippar.com/favicon/apple-touch-startup-image-2388x1668.png]
[webar-static.blippar.com/favicon/apple-touch-startup-image-2732x2048.png]
[webar-static.blippar.com/favicon/apple-touch-startup-image-2160x1620.png]
[webar-static.blippar.com/favicon/coast-228x228.png]
[webar-static.blippar.com/styles.c40e226a20a31d92bfa1.css]
[webar-static.blippar.com/common/blogo_new.png]
[webar-static.blippar.com/common/motionaccess.png]
[webar-static.blippar.com/common/vrcheck.png]
[webar-static.blippar.com/common/issueLogo.png]
[webar-static.blippar.com/common/linkbut.png]
[webar-static.blippar.com/common/arrow.png]
[webar-static.blippar.com/common/marker_frame.png]
[webar-static.blippar.com/scripts/mobiledetect.min.js]
[webar-static.blippar.com/styles.c40e226a20a31d92bfa1.js]
[webar-static.blippar.com/sharedVars.c40e226a20a31d92bfa1.js]
[webar-static.blippar.com/customComponents.c40e226a20a31d92bfa1.js]
[webar-static.blippar.com/0.c40e226a20a31d92bfa1.js]
[webar-static.blippar.com/helper.c40e226a20a31d92bfa1.js]
[webar-static.blippar.com/createFunctions.c40e226a20a31d92bfa1.js]
[webar-static.blippar.com/deviceDetect.c40e226a20a31d92bfa1.js]
[webar-static.blippar.com/create360.c40e226a20a31d92bfa1.js]
[webar-static.blippar.com/1.c40e226a20a31d92bfa1.js]
[webar-static.blippar.com/imageTracker.c40e226a20a31d92bfa1.js]
[ar.blippar.com/270134603.html]
[ar.blippar.com/favicon/apple-icon-57x57.html]
[ar.blippar.com/favicon/apple-icon-60x60.html]
[ar.blippar.com/favicon/apple-icon-72x72.html]
[ar.blippar.com/favicon/apple-icon-76x76.html]
[ar.blippar.com/favicon/apple-icon-114x114.html]
[ar.blippar.com/favicon/apple-icon-120x120.html]
[ar.blippar.com/favicon/apple-icon-144x144.html]
[ar.blippar.com/favicon/apple-icon-152x152.html]
[ar.blippar.com/favicon/apple-icon-180x180.html]
[ar.blippar.com/favicon/android-icon-192x192.html]
[ar.blippar.com/favicon/favicon-32x32.html]
[ar.blippar.com/favicon/favicon-96x96.html]
[ar.blippar.com/favicon/favicon-16x16.html]
[ar.blippar.com/favicon/manifest.html]
[ar.blippar.com/ms-icon-144x144.html]
[webar-static.blippar.com/loadExperience.c40e226a20a31d92bfa1.js]
[webar-static.blippar.com/common/savetext.png]
[webar-static.blippar.com/common/softer.png]
[webar-static.blippar.com/common/camera-white.png]
[webar-static.blippar.com/common/close-white.png]
[webar-static.blippar.com/common/share-white.png]
[webar-static.blippar.com/common/pause.png]
[webar-static.blippar.com/common/refresh.png]
[webar-static.blippar.com/style.css]
[webar-static.blippar.com/styles/video-js.min.css]
[webar-static.blippar.com/styles/loading-bar.css]
[rawgit.com/mrdoob/three.js/r86/examples/js/loaders/GLTFLoader.js]
[webar-static.blippar.com/scripts/aframe_extras.min.js]
[webar-static.blippar.com/scripts/chromakeymat.min.js]
[webar-static.blippar.com/scripts/gif-shader.min.js]
[webar-static.blippar.com/scripts/gif-control-component.min.js]
[webar-static.blippar.com/scripts/aframe-rounded.min.js]
[webar-static.blippar.com/scripts/textgeometry.min.js]
[webar-static.blippar.com/scripts/popmotion.min.js]
[webar-static.blippar.com/scripts/timeout.js]
[webar-static.blippar.com/styles.c40e226a20a31d92bfa1.css]
[webar-static.blippar.com/scripts/mobiledetect.min.js]
[ar.blippar.com/index.html]
[ar.blippar.com/Gecko/index.html]
[ar.blippar.com/Opera/index.html]
[ar.blippar.com/lib/hex-grid.min.html]
[ar.blippar.com/GET.html]
